[debug] [2025-10-26T06:33:03.601Z] [Firebase Plugin] Activating Firebase extension.
[debug] [2025-10-26T06:33:13.993Z] [Firebase Plugin] requireAuthWrapper
[debug] [2025-10-26T06:33:13.996Z] > command requires scopes: ["email","openid","https://www.googleapis.com/auth/cloudplatformprojects.readonly","https://www.googleapis.com/auth/firebase","https://www.googleapis.com/auth/cloud-platform","https://www.googleapis.com/auth/userinfo.email"]
[debug] [2025-10-26T06:33:14.038Z] [Firebase Plugin] VSCode notification server listening on port 40001
[info] [Firebase Plugin] Starting Data Connect toolkit (version 2.15.0) on port 50001
[info] i  dataconnect: downloading dataconnect-emulator-2.15.0... {"metadata":{"emulator":{"name":"dataconnect"},"message":"downloading dataconnect-emulator-2.15.0..."}}
[debug] [2025-10-26T06:33:15.633Z] >>> [apiv2][query] GET https://storage.googleapis.com/firemat-preview-drop/emulator/dataconnect-emulator-linux-v2.15.0 
[debug] [2025-10-26T06:33:16.566Z] <<< [apiv2][status] GET https://storage.googleapis.com/firemat-preview-drop/emulator/dataconnect-emulator-linux-v2.15.0 200
[debug] [2025-10-26T06:33:16.568Z] <<< [apiv2][body] GET https://storage.googleapis.com/firemat-preview-drop/emulator/dataconnect-emulator-linux-v2.15.0 [stream]
[debug] [2025-10-26T06:33:19.250Z] 'fdc build' failed with error: Unable to build your Data Connect schema and connectors (exit code 1): E1026 06:33:19.244160    3258 cmd.go:43] Error loading data connect config: could not find dataconnect.yaml in `/home/user/studio/dataconnect`
 {"metadata":{"emulator":{"name":"dataconnect"},"message":"'fdc build' failed with error: Unable to build your Data Connect schema and connectors (exit code 1): E1026 06:33:19.244160    3258 cmd.go:43] Error loading data connect config: could not find dataconnect.yaml in `/home/user/studio/dataconnect`\n"}}
[debug] [2025-10-26T06:33:19.255Z] Ignoring unsupported arg: auto_download {"metadata":{"emulator":{"name":"dataconnect"},"message":"Ignoring unsupported arg: auto_download"}}
[debug] [2025-10-26T06:33:19.256Z] Ignoring unsupported arg: port {"metadata":{"emulator":{"name":"dataconnect"},"message":"Ignoring unsupported arg: port"}}
[debug] [2025-10-26T06:33:19.256Z] Starting Data Connect Emulator with command {"binary":"/home/user/.cache/firebase/emulators/dataconnect-emulator-2.15.0","args":["--logtostderr","-v=2","dev","--listen=localhost:50001","--config_dir=/home/user/studio/dataconnect","--enable_output_schema_extensions=true","--enable_output_generated_sdk=true"],"optionalArgs":["listen","config_dir","enable_output_schema_extensions","enable_output_generated_sdk"],"joinArgs":true,"shell":false,"port":9399} {"metadata":{"emulator":{"name":"dataconnect"},"message":"Starting Data Connect Emulator with command {\"binary\":\"/home/user/.cache/firebase/emulators/dataconnect-emulator-2.15.0\",\"args\":[\"--logtostderr\",\"-v=2\",\"dev\",\"--listen=localhost:50001\",\"--config_dir=/home/user/studio/dataconnect\",\"--enable_output_schema_extensions=true\",\"--enable_output_generated_sdk=true\"],\"optionalArgs\":[\"listen\",\"config_dir\",\"enable_output_schema_extensions\",\"enable_output_generated_sdk\"],\"joinArgs\":true,\"shell\":false,\"port\":9399}"}}
[info] i  dataconnect: Data Connect Emulator logging to dataconnect-debug.log {"metadata":{"emulator":{"name":"dataconnect"},"message":"Data Connect Emulator logging to dataconnect-debug.log"}}
[debug] [2025-10-26T06:33:19.365Z] E1026 06:33:19.345676    3263 dev.go:79] Failed to load initial config from "/home/user/studio/dataconnect": could not find dataconnect.yaml in `/home/user/studio/dataconnect`
E1026 06:33:19.345958    3263 watch.go:102] watchAllDir unable to walk dir `/home/user/studio/dataconnect`: lstat /home/user/studio/dataconnect: no such file or directory
 {"metadata":{"emulator":{"name":"dataconnect"},"message":"E1026 06:33:19.345676    3263 dev.go:79] Failed to load initial config from \"/home/user/studio/dataconnect\": could not find dataconnect.yaml in `/home/user/studio/dataconnect`\nE1026 06:33:19.345958    3263 watch.go:102] watchAllDir unable to walk dir `/home/user/studio/dataconnect`: lstat /home/user/studio/dataconnect: no such file or directory\n"}}
[debug] [2025-10-26T06:33:19.376Z] I1026 06:33:19.368980    3263 dev.go:102] Listening on address (HTTP + gRPC): 127.0.0.1:50001
 {"metadata":{"emulator":{"name":"dataconnect"},"message":"I1026 06:33:19.368980    3263 dev.go:102] Listening on address (HTTP + gRPC): 127.0.0.1:50001\n"}}
[error] [Firebase Plugin] error:  {}
[debug] [2025-10-26T06:33:29.346Z] E1026 06:33:29.346529    3263 watch.go:31] Failed to load config from "/home/user/studio/dataconnect": could not find dataconnect.yaml in `/home/user/studio/dataconnect`
 {"metadata":{"emulator":{"name":"dataconnect"},"message":"E1026 06:33:29.346529    3263 watch.go:31] Failed to load config from \"/home/user/studio/dataconnect\": could not find dataconnect.yaml in `/home/user/studio/dataconnect`\n"}}
[debug] [2025-10-26T06:33:39.368Z] E1026 06:33:39.355685    3263 watch.go:31] Failed to load config from "/home/user/studio/dataconnect": could not find dataconnect.yaml in `/home/user/studio/dataconnect`
 {"metadata":{"emulator":{"name":"dataconnect"},"message":"E1026 06:33:39.355685    3263 watch.go:31] Failed to load config from \"/home/user/studio/dataconnect\": could not find dataconnect.yaml in `/home/user/studio/dataconnect`\n"}}
[debug] [2025-10-26T06:33:39.918Z] Running auto auth
[debug] [2025-10-26T06:33:39.941Z] No OAuth tokens found
[debug] [2025-10-26T06:33:39.944Z] [Firebase Plugin] User found:  arsh94588@gmail.com
[info] [Firebase Plugin] (Core:Project) New user detected, fetching projects
[debug] [2025-10-26T06:33:39.950Z] No OAuth tokens found
[debug] [2025-10-26T06:33:39.952Z] >>> [apiv2][query] GET https://firebase.googleapis.com/v1beta1/projects pageSize=1000
[debug] [2025-10-26T06:33:40.504Z] <<< [apiv2][status] GET https://firebase.googleapis.com/v1beta1/projects 200
[debug] [2025-10-26T06:33:40.504Z] <<< [apiv2][body] GET https://firebase.googleapis.com/v1beta1/projects [omitted]
[debug] [2025-10-26T06:33:49.346Z] E1026 06:33:49.346175    3263 watch.go:31] Failed to load config from "/home/user/studio/dataconnect": could not find dataconnect.yaml in `/home/user/studio/dataconnect`
 {"metadata":{"emulator":{"name":"dataconnect"},"message":"E1026 06:33:49.346175    3263 watch.go:31] Failed to load config from \"/home/user/studio/dataconnect\": could not find dataconnect.yaml in `/home/user/studio/dataconnect`\n"}}
[debug] [2025-10-26T06:33:59.355Z] E1026 06:33:59.355304    3263 watch.go:31] Failed to load config from "/home/user/studio/dataconnect": could not find dataconnect.yaml in `/home/user/studio/dataconnect`
 {"metadata":{"emulator":{"name":"dataconnect"},"message":"E1026 06:33:59.355304    3263 watch.go:31] Failed to load config from \"/home/user/studio/dataconnect\": could not find dataconnect.yaml in `/home/user/studio/dataconnect`\n"}}
[debug] [2025-10-26T06:34:09.352Z] E1026 06:34:09.351666    3263 watch.go:31] Failed to load config from "/home/user/studio/dataconnect": could not find dataconnect.yaml in `/home/user/studio/dataconnect`
 {"metadata":{"emulator":{"name":"dataconnect"},"message":"E1026 06:34:09.351666    3263 watch.go:31] Failed to load config from \"/home/user/studio/dataconnect\": could not find dataconnect.yaml in `/home/user/studio/dataconnect`\n"}}
[debug] [2025-10-26T06:34:19.346Z] E1026 06:34:19.346531    3263 watch.go:31] Failed to load config from "/home/user/studio/dataconnect": could not find dataconnect.yaml in `/home/user/studio/dataconnect`
 {"metadata":{"emulator":{"name":"dataconnect"},"message":"E1026 06:34:19.346531    3263 watch.go:31] Failed to load config from \"/home/user/studio/dataconnect\": could not find dataconnect.yaml in `/home/user/studio/dataconnect`\n"}}
[debug] [2025-10-26T06:34:29.346Z] E1026 06:34:29.346330    3263 watch.go:31] Failed to load config from "/home/user/studio/dataconnect": could not find dataconnect.yaml in `/home/user/studio/dataconnect`
 {"metadata":{"emulator":{"name":"dataconnect"},"message":"E1026 06:34:29.346330    3263 watch.go:31] Failed to load config from \"/home/user/studio/dataconnect\": could not find dataconnect.yaml in `/home/user/studio/dataconnect`\n"}}
[debug] [2025-10-26T06:34:39.357Z] E1026 06:34:39.355605    3263 watch.go:31] Failed to load config from "/home/user/studio/dataconnect": could not find dataconnect.yaml in `/home/user/studio/dataconnect`
 {"metadata":{"emulator":{"name":"dataconnect"},"message":"E1026 06:34:39.355605    3263 watch.go:31] Failed to load config from \"/home/user/studio/dataconnect\": could not find dataconnect.yaml in `/home/user/studio/dataconnect`\n"}}
[debug] [2025-10-26T06:34:49.346Z] E1026 06:34:49.346621    3263 watch.go:31] Failed to load config from "/home/user/studio/dataconnect": could not find dataconnect.yaml in `/home/user/studio/dataconnect`
 {"metadata":{"emulator":{"name":"dataconnect"},"message":"E1026 06:34:49.346621    3263 watch.go:31] Failed to load config from \"/home/user/studio/dataconnect\": could not find dataconnect.yaml in `/home/user/studio/dataconnect`\n"}}
[debug] [2025-10-26T06:34:59.346Z] E1026 06:34:59.346294    3263 watch.go:31] Failed to load config from "/home/user/studio/dataconnect": could not find dataconnect.yaml in `/home/user/studio/dataconnect`
 {"metadata":{"emulator":{"name":"dataconnect"},"message":"E1026 06:34:59.346294    3263 watch.go:31] Failed to load config from \"/home/user/studio/dataconnect\": could not find dataconnect.yaml in `/home/user/studio/dataconnect`\n"}}
[debug] [2025-10-26T06:35:09.346Z] E1026 06:35:09.346436    3263 watch.go:31] Failed to load config from "/home/user/studio/dataconnect": could not find dataconnect.yaml in `/home/user/studio/dataconnect`
 {"metadata":{"emulator":{"name":"dataconnect"},"message":"E1026 06:35:09.346436    3263 watch.go:31] Failed to load config from \"/home/user/studio/dataconnect\": could not find dataconnect.yaml in `/home/user/studio/dataconnect`\n"}}
[debug] [2025-10-26T06:35:19.346Z] E1026 06:35:19.346265    3263 watch.go:31] Failed to load config from "/home/user/studio/dataconnect": could not find dataconnect.yaml in `/home/user/studio/dataconnect`
 {"metadata":{"emulator":{"name":"dataconnect"},"message":"E1026 06:35:19.346265    3263 watch.go:31] Failed to load config from \"/home/user/studio/dataconnect\": could not find dataconnect.yaml in `/home/user/studio/dataconnect`\n"}}
[debug] [2025-10-26T06:35:19.347Z] E1026 06:35:19.346323    3263 watch.go:102] watchAllDir unable to walk dir `/home/user/studio/dataconnect`: lstat /home/user/studio/dataconnect: no such file or directory
 {"metadata":{"emulator":{"name":"dataconnect"},"message":"E1026 06:35:19.346323    3263 watch.go:102] watchAllDir unable to walk dir `/home/user/studio/dataconnect`: lstat /home/user/studio/dataconnect: no such file or directory\n"}}
[debug] [2025-10-26T06:35:29.347Z] E1026 06:35:29.347014    3263 watch.go:31] Failed to load config from "/home/user/studio/dataconnect": could not find dataconnect.yaml in `/home/user/studio/dataconnect`
 {"metadata":{"emulator":{"name":"dataconnect"},"message":"E1026 06:35:29.347014    3263 watch.go:31] Failed to load config from \"/home/user/studio/dataconnect\": could not find dataconnect.yaml in `/home/user/studio/dataconnect`\n"}}
[debug] [2025-10-26T06:35:39.346Z] E1026 06:35:39.346368    3263 watch.go:31] Failed to load config from "/home/user/studio/dataconnect": could not find dataconnect.yaml in `/home/user/studio/dataconnect`
 {"metadata":{"emulator":{"name":"dataconnect"},"message":"E1026 06:35:39.346368    3263 watch.go:31] Failed to load config from \"/home/user/studio/dataconnect\": could not find dataconnect.yaml in `/home/user/studio/dataconnect`\n"}}
[debug] [2025-10-26T06:35:49.347Z] E1026 06:35:49.347036    3263 watch.go:31] Failed to load config from "/home/user/studio/dataconnect": could not find dataconnect.yaml in `/home/user/studio/dataconnect`
 {"metadata":{"emulator":{"name":"dataconnect"},"message":"E1026 06:35:49.347036    3263 watch.go:31] Failed to load config from \"/home/user/studio/dataconnect\": could not find dataconnect.yaml in `/home/user/studio/dataconnect`\n"}}
[debug] [2025-10-26T06:35:59.355Z] E1026 06:35:59.355321    3263 watch.go:31] Failed to load config from "/home/user/studio/dataconnect": could not find dataconnect.yaml in `/home/user/studio/dataconnect`
 {"metadata":{"emulator":{"name":"dataconnect"},"message":"E1026 06:35:59.355321    3263 watch.go:31] Failed to load config from \"/home/user/studio/dataconnect\": could not find dataconnect.yaml in `/home/user/studio/dataconnect`\n"}}
[debug] [2025-10-26T06:36:09.347Z] E1026 06:36:09.346997    3263 watch.go:31] Failed to load config from "/home/user/studio/dataconnect": could not find dataconnect.yaml in `/home/user/studio/dataconnect`
 {"metadata":{"emulator":{"name":"dataconnect"},"message":"E1026 06:36:09.346997    3263 watch.go:31] Failed to load config from \"/home/user/studio/dataconnect\": could not find dataconnect.yaml in `/home/user/studio/dataconnect`\n"}}
[debug] [2025-10-26T06:36:19.346Z] E1026 06:36:19.346586    3263 watch.go:31] Failed to load config from "/home/user/studio/dataconnect": could not find dataconnect.yaml in `/home/user/studio/dataconnect`
 {"metadata":{"emulator":{"name":"dataconnect"},"message":"E1026 06:36:19.346586    3263 watch.go:31] Failed to load config from \"/home/user/studio/dataconnect\": could not find dataconnect.yaml in `/home/user/studio/dataconnect`\n"}}
[debug] [2025-10-26T06:36:29.346Z] E1026 06:36:29.346326    3263 watch.go:31] Failed to load config from "/home/user/studio/dataconnect": could not find dataconnect.yaml in `/home/user/studio/dataconnect`
 {"metadata":{"emulator":{"name":"dataconnect"},"message":"E1026 06:36:29.346326    3263 watch.go:31] Failed to load config from \"/home/user/studio/dataconnect\": could not find dataconnect.yaml in `/home/user/studio/dataconnect`\n"}}
[debug] [2025-10-26T06:36:39.346Z] E1026 06:36:39.346358    3263 watch.go:31] Failed to load config from "/home/user/studio/dataconnect": could not find dataconnect.yaml in `/home/user/studio/dataconnect`
 {"metadata":{"emulator":{"name":"dataconnect"},"message":"E1026 06:36:39.346358    3263 watch.go:31] Failed to load config from \"/home/user/studio/dataconnect\": could not find dataconnect.yaml in `/home/user/studio/dataconnect`\n"}}
[debug] [2025-10-26T06:36:49.346Z] E1026 06:36:49.346383    3263 watch.go:31] Failed to load config from "/home/user/studio/dataconnect": could not find dataconnect.yaml in `/home/user/studio/dataconnect`
 {"metadata":{"emulator":{"name":"dataconnect"},"message":"E1026 06:36:49.346383    3263 watch.go:31] Failed to load config from \"/home/user/studio/dataconnect\": could not find dataconnect.yaml in `/home/user/studio/dataconnect`\n"}}
[debug] [2025-10-26T06:36:59.350Z] E1026 06:36:59.350102    3263 watch.go:31] Failed to load config from "/home/user/studio/dataconnect": could not find dataconnect.yaml in `/home/user/studio/dataconnect`
 {"metadata":{"emulator":{"name":"dataconnect"},"message":"E1026 06:36:59.350102    3263 watch.go:31] Failed to load config from \"/home/user/studio/dataconnect\": could not find dataconnect.yaml in `/home/user/studio/dataconnect`\n"}}
[debug] [2025-10-26T06:37:09.353Z] E1026 06:37:09.353658    3263 watch.go:31] Failed to load config from "/home/user/studio/dataconnect": could not find dataconnect.yaml in `/home/user/studio/dataconnect`
 {"metadata":{"emulator":{"name":"dataconnect"},"message":"E1026 06:37:09.353658    3263 watch.go:31] Failed to load config from \"/home/user/studio/dataconnect\": could not find dataconnect.yaml in `/home/user/studio/dataconnect`\n"}}
[debug] [2025-10-26T06:37:19.348Z] E1026 06:37:19.347057    3263 watch.go:31] Failed to load config from "/home/user/studio/dataconnect": could not find dataconnect.yaml in `/home/user/studio/dataconnect`
E1026 06:37:19.347112    3263 watch.go:102] watchAllDir unable to walk dir `/home/user/studio/dataconnect`: lstat /home/user/studio/dataconnect: no such file or directory
 {"metadata":{"emulator":{"name":"dataconnect"},"message":"E1026 06:37:19.347057    3263 watch.go:31] Failed to load config from \"/home/user/studio/dataconnect\": could not find dataconnect.yaml in `/home/user/studio/dataconnect`\nE1026 06:37:19.347112    3263 watch.go:102] watchAllDir unable to walk dir `/home/user/studio/dataconnect`: lstat /home/user/studio/dataconnect: no such file or directory\n"}}
[debug] [2025-10-26T06:37:29.349Z] E1026 06:37:29.348765    3263 watch.go:31] Failed to load config from "/home/user/studio/dataconnect": could not find dataconnect.yaml in `/home/user/studio/dataconnect`
 {"metadata":{"emulator":{"name":"dataconnect"},"message":"E1026 06:37:29.348765    3263 watch.go:31] Failed to load config from \"/home/user/studio/dataconnect\": could not find dataconnect.yaml in `/home/user/studio/dataconnect`\n"}}
[debug] [2025-10-26T06:37:39.347Z] E1026 06:37:39.346842    3263 watch.go:31] Failed to load config from "/home/user/studio/dataconnect": could not find dataconnect.yaml in `/home/user/studio/dataconnect`
 {"metadata":{"emulator":{"name":"dataconnect"},"message":"E1026 06:37:39.346842    3263 watch.go:31] Failed to load config from \"/home/user/studio/dataconnect\": could not find dataconnect.yaml in `/home/user/studio/dataconnect`\n"}}
[debug] [2025-10-26T06:37:49.347Z] E1026 06:37:49.346960    3263 watch.go:31] Failed to load config from "/home/user/studio/dataconnect": could not find dataconnect.yaml in `/home/user/studio/dataconnect`
 {"metadata":{"emulator":{"name":"dataconnect"},"message":"E1026 06:37:49.346960    3263 watch.go:31] Failed to load config from \"/home/user/studio/dataconnect\": could not find dataconnect.yaml in `/home/user/studio/dataconnect`\n"}}
[debug] [2025-10-26T06:37:59.354Z] E1026 06:37:59.354347    3263 watch.go:31] Failed to load config from "/home/user/studio/dataconnect": could not find dataconnect.yaml in `/home/user/studio/dataconnect`
 {"metadata":{"emulator":{"name":"dataconnect"},"message":"E1026 06:37:59.354347    3263 watch.go:31] Failed to load config from \"/home/user/studio/dataconnect\": could not find dataconnect.yaml in `/home/user/studio/dataconnect`\n"}}
[debug] [2025-10-26T06:38:09.355Z] E1026 06:38:09.355618    3263 watch.go:31] Failed to load config from "/home/user/studio/dataconnect": could not find dataconnect.yaml in `/home/user/studio/dataconnect`
 {"metadata":{"emulator":{"name":"dataconnect"},"message":"E1026 06:38:09.355618    3263 watch.go:31] Failed to load config from \"/home/user/studio/dataconnect\": could not find dataconnect.yaml in `/home/user/studio/dataconnect`\n"}}
[debug] [2025-10-26T06:38:19.346Z] E1026 06:38:19.346157    3263 watch.go:31] Failed to load config from "/home/user/studio/dataconnect": could not find dataconnect.yaml in `/home/user/studio/dataconnect`
 {"metadata":{"emulator":{"name":"dataconnect"},"message":"E1026 06:38:19.346157    3263 watch.go:31] Failed to load config from \"/home/user/studio/dataconnect\": could not find dataconnect.yaml in `/home/user/studio/dataconnect`\n"}}
[debug] [2025-10-26T06:38:29.355Z] E1026 06:38:29.355343    3263 watch.go:31] Failed to load config from "/home/user/studio/dataconnect": could not find dataconnect.yaml in `/home/user/studio/dataconnect`
 {"metadata":{"emulator":{"name":"dataconnect"},"message":"E1026 06:38:29.355343    3263 watch.go:31] Failed to load config from \"/home/user/studio/dataconnect\": could not find dataconnect.yaml in `/home/user/studio/dataconnect`\n"}}
[debug] [2025-10-26T06:38:39.346Z] E1026 06:38:39.346291    3263 watch.go:31] Failed to load config from "/home/user/studio/dataconnect": could not find dataconnect.yaml in `/home/user/studio/dataconnect`
 {"metadata":{"emulator":{"name":"dataconnect"},"message":"E1026 06:38:39.346291    3263 watch.go:31] Failed to load config from \"/home/user/studio/dataconnect\": could not find dataconnect.yaml in `/home/user/studio/dataconnect`\n"}}
[debug] [2025-10-26T06:38:49.346Z] E1026 06:38:49.346324    3263 watch.go:31] Failed to load config from "/home/user/studio/dataconnect": could not find dataconnect.yaml in `/home/user/studio/dataconnect`
 {"metadata":{"emulator":{"name":"dataconnect"},"message":"E1026 06:38:49.346324    3263 watch.go:31] Failed to load config from \"/home/user/studio/dataconnect\": could not find dataconnect.yaml in `/home/user/studio/dataconnect`\n"}}
[debug] [2025-10-26T06:38:59.354Z] E1026 06:38:59.354760    3263 watch.go:31] Failed to load config from "/home/user/studio/dataconnect": could not find dataconnect.yaml in `/home/user/studio/dataconnect`
 {"metadata":{"emulator":{"name":"dataconnect"},"message":"E1026 06:38:59.354760    3263 watch.go:31] Failed to load config from \"/home/user/studio/dataconnect\": could not find dataconnect.yaml in `/home/user/studio/dataconnect`\n"}}
[debug] [2025-10-26T06:39:09.346Z] E1026 06:39:09.346418    3263 watch.go:31] Failed to load config from "/home/user/studio/dataconnect": could not find dataconnect.yaml in `/home/user/studio/dataconnect`
 {"metadata":{"emulator":{"name":"dataconnect"},"message":"E1026 06:39:09.346418    3263 watch.go:31] Failed to load config from \"/home/user/studio/dataconnect\": could not find dataconnect.yaml in `/home/user/studio/dataconnect`\n"}}
[debug] [2025-10-26T06:39:19.346Z] E1026 06:39:19.346427    3263 watch.go:31] Failed to load config from "/home/user/studio/dataconnect": could not find dataconnect.yaml in `/home/user/studio/dataconnect`
 {"metadata":{"emulator":{"name":"dataconnect"},"message":"E1026 06:39:19.346427    3263 watch.go:31] Failed to load config from \"/home/user/studio/dataconnect\": could not find dataconnect.yaml in `/home/user/studio/dataconnect`\n"}}
[debug] [2025-10-26T06:39:19.347Z] E1026 06:39:19.346504    3263 watch.go:102] watchAllDir unable to walk dir `/home/user/studio/dataconnect`: lstat /home/user/studio/dataconnect: no such file or directory
 {"metadata":{"emulator":{"name":"dataconnect"},"message":"E1026 06:39:19.346504    3263 watch.go:102] watchAllDir unable to walk dir `/home/user/studio/dataconnect`: lstat /home/user/studio/dataconnect: no such file or directory\n"}}
[debug] [2025-10-26T06:39:29.349Z] E1026 06:39:29.348739    3263 watch.go:31] Failed to load config from "/home/user/studio/dataconnect": could not find dataconnect.yaml in `/home/user/studio/dataconnect`
 {"metadata":{"emulator":{"name":"dataconnect"},"message":"E1026 06:39:29.348739    3263 watch.go:31] Failed to load config from \"/home/user/studio/dataconnect\": could not find dataconnect.yaml in `/home/user/studio/dataconnect`\n"}}
[debug] [2025-10-26T06:39:39.354Z] E1026 06:39:39.354232    3263 watch.go:31] Failed to load config from "/home/user/studio/dataconnect": could not find dataconnect.yaml in `/home/user/studio/dataconnect`
 {"metadata":{"emulator":{"name":"dataconnect"},"message":"E1026 06:39:39.354232    3263 watch.go:31] Failed to load config from \"/home/user/studio/dataconnect\": could not find dataconnect.yaml in `/home/user/studio/dataconnect`\n"}}
[debug] [2025-10-26T06:39:49.346Z] E1026 06:39:49.346331    3263 watch.go:31] Failed to load config from "/home/user/studio/dataconnect": could not find dataconnect.yaml in `/home/user/studio/dataconnect`
 {"metadata":{"emulator":{"name":"dataconnect"},"message":"E1026 06:39:49.346331    3263 watch.go:31] Failed to load config from \"/home/user/studio/dataconnect\": could not find dataconnect.yaml in `/home/user/studio/dataconnect`\n"}}
[debug] [2025-10-26T06:39:59.356Z] E1026 06:39:59.355839    3263 watch.go:31] Failed to load config from "/home/user/studio/dataconnect": could not find dataconnect.yaml in `/home/user/studio/dataconnect`
 {"metadata":{"emulator":{"name":"dataconnect"},"message":"E1026 06:39:59.355839    3263 watch.go:31] Failed to load config from \"/home/user/studio/dataconnect\": could not find dataconnect.yaml in `/home/user/studio/dataconnect`\n"}}
[debug] [2025-10-26T06:40:09.355Z] E1026 06:40:09.355733    3263 watch.go:31] Failed to load config from "/home/user/studio/dataconnect": could not find dataconnect.yaml in `/home/user/studio/dataconnect`
 {"metadata":{"emulator":{"name":"dataconnect"},"message":"E1026 06:40:09.355733    3263 watch.go:31] Failed to load config from \"/home/user/studio/dataconnect\": could not find dataconnect.yaml in `/home/user/studio/dataconnect`\n"}}
[debug] [2025-10-26T06:40:19.346Z] E1026 06:40:19.346357    3263 watch.go:31] Failed to load config from "/home/user/studio/dataconnect": could not find dataconnect.yaml in `/home/user/studio/dataconnect`
 {"metadata":{"emulator":{"name":"dataconnect"},"message":"E1026 06:40:19.346357    3263 watch.go:31] Failed to load config from \"/home/user/studio/dataconnect\": could not find dataconnect.yaml in `/home/user/studio/dataconnect`\n"}}
[debug] [2025-10-26T06:40:29.356Z] E1026 06:40:29.355750    3263 watch.go:31] Failed to load config from "/home/user/studio/dataconnect": could not find dataconnect.yaml in `/home/user/studio/dataconnect`
 {"metadata":{"emulator":{"name":"dataconnect"},"message":"E1026 06:40:29.355750    3263 watch.go:31] Failed to load config from \"/home/user/studio/dataconnect\": could not find dataconnect.yaml in `/home/user/studio/dataconnect`\n"}}
[debug] [2025-10-26T06:40:39.349Z] E1026 06:40:39.348890    3263 watch.go:31] Failed to load config from "/home/user/studio/dataconnect": could not find dataconnect.yaml in `/home/user/studio/dataconnect`
 {"metadata":{"emulator":{"name":"dataconnect"},"message":"E1026 06:40:39.348890    3263 watch.go:31] Failed to load config from \"/home/user/studio/dataconnect\": could not find dataconnect.yaml in `/home/user/studio/dataconnect`\n"}}
[debug] [2025-10-26T06:40:49.346Z] E1026 06:40:49.346294    3263 watch.go:31] Failed to load config from "/home/user/studio/dataconnect": could not find dataconnect.yaml in `/home/user/studio/dataconnect`
 {"metadata":{"emulator":{"name":"dataconnect"},"message":"E1026 06:40:49.346294    3263 watch.go:31] Failed to load config from \"/home/user/studio/dataconnect\": could not find dataconnect.yaml in `/home/user/studio/dataconnect`\n"}}
[debug] [2025-10-26T06:40:59.355Z] E1026 06:40:59.355657    3263 watch.go:31] Failed to load config from "/home/user/studio/dataconnect": could not find dataconnect.yaml in `/home/user/studio/dataconnect`
 {"metadata":{"emulator":{"name":"dataconnect"},"message":"E1026 06:40:59.355657    3263 watch.go:31] Failed to load config from \"/home/user/studio/dataconnect\": could not find dataconnect.yaml in `/home/user/studio/dataconnect`\n"}}
[debug] [2025-10-26T06:41:09.356Z] E1026 06:41:09.355937    3263 watch.go:31] Failed to load config from "/home/user/studio/dataconnect": could not find dataconnect.yaml in `/home/user/studio/dataconnect`
 {"metadata":{"emulator":{"name":"dataconnect"},"message":"E1026 06:41:09.355937    3263 watch.go:31] Failed to load config from \"/home/user/studio/dataconnect\": could not find dataconnect.yaml in `/home/user/studio/dataconnect`\n"}}
[debug] [2025-10-26T06:41:19.346Z] E1026 06:41:19.346458    3263 watch.go:31] Failed to load config from "/home/user/studio/dataconnect": could not find dataconnect.yaml in `/home/user/studio/dataconnect`
 {"metadata":{"emulator":{"name":"dataconnect"},"message":"E1026 06:41:19.346458    3263 watch.go:31] Failed to load config from \"/home/user/studio/dataconnect\": could not find dataconnect.yaml in `/home/user/studio/dataconnect`\n"}}
[debug] [2025-10-26T06:41:19.347Z] E1026 06:41:19.346560    3263 watch.go:102] watchAllDir unable to walk dir `/home/user/studio/dataconnect`: lstat /home/user/studio/dataconnect: no such file or directory
 {"metadata":{"emulator":{"name":"dataconnect"},"message":"E1026 06:41:19.346560    3263 watch.go:102] watchAllDir unable to walk dir `/home/user/studio/dataconnect`: lstat /home/user/studio/dataconnect: no such file or directory\n"}}
[debug] [2025-10-26T06:41:22.921Z] [Firebase Plugin] Value of process.env.MONOSPACE_ENV: true
[debug] [2025-10-26T06:41:22.923Z] [Firebase Plugin] requireAuthWrapper
[debug] [2025-10-26T06:41:22.926Z] > command requires scopes: ["email","openid","https://www.googleapis.com/auth/cloudplatformprojects.readonly","https://www.googleapis.com/auth/firebase","https://www.googleapis.com/auth/cloud-platform","https://www.googleapis.com/auth/userinfo.email"]
[debug] [2025-10-26T06:41:22.927Z] > authorizing via signed-in user (arsh94588@gmail.com)
[debug] [2025-10-26T06:41:22.929Z] No OAuth tokens found
[debug] [2025-10-26T06:41:22.930Z] [Firebase Plugin] User found:  arsh94588@gmail.com
[info] [Firebase Plugin] (Core:Project) New user detected, fetching projects
[debug] [2025-10-26T06:41:22.932Z] No OAuth tokens found
[debug] [2025-10-26T06:41:22.933Z] >>> [apiv2][query] GET https://firebase.googleapis.com/v1beta1/projects pageSize=1000
[debug] [2025-10-26T06:41:23.068Z] [Firebase Plugin] Value of process.env.MONOSPACE_ENV: true
[debug] [2025-10-26T06:41:23.069Z] [Firebase Plugin] requireAuthWrapper
[debug] [2025-10-26T06:41:23.073Z] > command requires scopes: ["email","openid","https://www.googleapis.com/auth/cloudplatformprojects.readonly","https://www.googleapis.com/auth/firebase","https://www.googleapis.com/auth/cloud-platform","https://www.googleapis.com/auth/userinfo.email"]
[debug] [2025-10-26T06:41:23.077Z] > authorizing via signed-in user (arsh94588@gmail.com)
[debug] [2025-10-26T06:41:23.086Z] Emulator locator file path: /tmp/hub-nia-safety-assistant.json
[debug] [2025-10-26T06:41:23.094Z] No OAuth tokens found
[debug] [2025-10-26T06:41:23.094Z] [Firebase Plugin] User found:  arsh94588@gmail.com
[info] [Firebase Plugin] (Core:Project) New user detected, fetching projects
[debug] [2025-10-26T06:41:23.098Z] No OAuth tokens found
[debug] [2025-10-26T06:41:23.099Z] >>> [apiv2][query] GET https://firebase.googleapis.com/v1beta1/projects pageSize=1000
[debug] [2025-10-26T06:41:23.666Z] <<< [apiv2][status] GET https://firebase.googleapis.com/v1beta1/projects 200
[debug] [2025-10-26T06:41:23.667Z] <<< [apiv2][body] GET https://firebase.googleapis.com/v1beta1/projects [omitted]
[debug] [2025-10-26T06:41:23.672Z] <<< [apiv2][status] GET https://firebase.googleapis.com/v1beta1/projects 200
[debug] [2025-10-26T06:41:23.673Z] <<< [apiv2][body] GET https://firebase.googleapis.com/v1beta1/projects [omitted]
[debug] [2025-10-26T06:41:29.349Z] E1026 06:41:29.348885    3263 watch.go:31] Failed to load config from "/home/user/studio/dataconnect": could not find dataconnect.yaml in `/home/user/studio/dataconnect`
 {"metadata":{"emulator":{"name":"dataconnect"},"message":"E1026 06:41:29.348885    3263 watch.go:31] Failed to load config from \"/home/user/studio/dataconnect\": could not find dataconnect.yaml in `/home/user/studio/dataconnect`\n"}}
[debug] [2025-10-26T06:41:39.346Z] E1026 06:41:39.346321    3263 watch.go:31] Failed to load config from "/home/user/studio/dataconnect": could not find dataconnect.yaml in `/home/user/studio/dataconnect`
 {"metadata":{"emulator":{"name":"dataconnect"},"message":"E1026 06:41:39.346321    3263 watch.go:31] Failed to load config from \"/home/user/studio/dataconnect\": could not find dataconnect.yaml in `/home/user/studio/dataconnect`\n"}}
[debug] [2025-10-26T06:41:49.347Z] E1026 06:41:49.346756    3263 watch.go:31] Failed to load config from "/home/user/studio/dataconnect": could not find dataconnect.yaml in `/home/user/studio/dataconnect`
 {"metadata":{"emulator":{"name":"dataconnect"},"message":"E1026 06:41:49.346756    3263 watch.go:31] Failed to load config from \"/home/user/studio/dataconnect\": could not find dataconnect.yaml in `/home/user/studio/dataconnect`\n"}}
[debug] [2025-10-26T06:41:59.346Z] E1026 06:41:59.346308    3263 watch.go:31] Failed to load config from "/home/user/studio/dataconnect": could not find dataconnect.yaml in `/home/user/studio/dataconnect`
 {"metadata":{"emulator":{"name":"dataconnect"},"message":"E1026 06:41:59.346308    3263 watch.go:31] Failed to load config from \"/home/user/studio/dataconnect\": could not find dataconnect.yaml in `/home/user/studio/dataconnect`\n"}}
[debug] [2025-10-26T06:42:09.346Z] E1026 06:42:09.346294    3263 watch.go:31] Failed to load config from "/home/user/studio/dataconnect": could not find dataconnect.yaml in `/home/user/studio/dataconnect`
 {"metadata":{"emulator":{"name":"dataconnect"},"message":"E1026 06:42:09.346294    3263 watch.go:31] Failed to load config from \"/home/user/studio/dataconnect\": could not find dataconnect.yaml in `/home/user/studio/dataconnect`\n"}}
[debug] [2025-10-26T06:42:19.346Z] E1026 06:42:19.346569    3263 watch.go:31] Failed to load config from "/home/user/studio/dataconnect": could not find dataconnect.yaml in `/home/user/studio/dataconnect`
 {"metadata":{"emulator":{"name":"dataconnect"},"message":"E1026 06:42:19.346569    3263 watch.go:31] Failed to load config from \"/home/user/studio/dataconnect\": could not find dataconnect.yaml in `/home/user/studio/dataconnect`\n"}}
[debug] [2025-10-26T06:42:29.346Z] E1026 06:42:29.346326    3263 watch.go:31] Failed to load config from "/home/user/studio/dataconnect": could not find dataconnect.yaml in `/home/user/studio/dataconnect`
 {"metadata":{"emulator":{"name":"dataconnect"},"message":"E1026 06:42:29.346326    3263 watch.go:31] Failed to load config from \"/home/user/studio/dataconnect\": could not find dataconnect.yaml in `/home/user/studio/dataconnect`\n"}}
[debug] [2025-10-26T06:42:39.346Z] E1026 06:42:39.346310    3263 watch.go:31] Failed to load config from "/home/user/studio/dataconnect": could not find dataconnect.yaml in `/home/user/studio/dataconnect`
 {"metadata":{"emulator":{"name":"dataconnect"},"message":"E1026 06:42:39.346310    3263 watch.go:31] Failed to load config from \"/home/user/studio/dataconnect\": could not find dataconnect.yaml in `/home/user/studio/dataconnect`\n"}}
[debug] [2025-10-26T06:42:49.347Z] E1026 06:42:49.346159    3263 watch.go:31] Failed to load config from "/home/user/studio/dataconnect": could not find dataconnect.yaml in `/home/user/studio/dataconnect`
 {"metadata":{"emulator":{"name":"dataconnect"},"message":"E1026 06:42:49.346159    3263 watch.go:31] Failed to load config from \"/home/user/studio/dataconnect\": could not find dataconnect.yaml in `/home/user/studio/dataconnect`\n"}}
[debug] [2025-10-26T06:42:59.354Z] E1026 06:42:59.354166    3263 watch.go:31] Failed to load config from "/home/user/studio/dataconnect": could not find dataconnect.yaml in `/home/user/studio/dataconnect`
 {"metadata":{"emulator":{"name":"dataconnect"},"message":"E1026 06:42:59.354166    3263 watch.go:31] Failed to load config from \"/home/user/studio/dataconnect\": could not find dataconnect.yaml in `/home/user/studio/dataconnect`\n"}}
[debug] [2025-10-26T06:43:09.355Z] E1026 06:43:09.355243    3263 watch.go:31] Failed to load config from "/home/user/studio/dataconnect": could not find dataconnect.yaml in `/home/user/studio/dataconnect`
 {"metadata":{"emulator":{"name":"dataconnect"},"message":"E1026 06:43:09.355243    3263 watch.go:31] Failed to load config from \"/home/user/studio/dataconnect\": could not find dataconnect.yaml in `/home/user/studio/dataconnect`\n"}}
[debug] [2025-10-26T06:43:19.347Z] E1026 06:43:19.346960    3263 watch.go:31] Failed to load config from "/home/user/studio/dataconnect": could not find dataconnect.yaml in `/home/user/studio/dataconnect`
 {"metadata":{"emulator":{"name":"dataconnect"},"message":"E1026 06:43:19.346960    3263 watch.go:31] Failed to load config from \"/home/user/studio/dataconnect\": could not find dataconnect.yaml in `/home/user/studio/dataconnect`\n"}}
[debug] [2025-10-26T06:43:19.350Z] E1026 06:43:19.347017    3263 watch.go:102] watchAllDir unable to walk dir `/home/user/studio/dataconnect`: lstat /home/user/studio/dataconnect: no such file or directory
 {"metadata":{"emulator":{"name":"dataconnect"},"message":"E1026 06:43:19.347017    3263 watch.go:102] watchAllDir unable to walk dir `/home/user/studio/dataconnect`: lstat /home/user/studio/dataconnect: no such file or directory\n"}}
[debug] [2025-10-26T06:43:29.353Z] E1026 06:43:29.352994    3263 watch.go:31] Failed to load config from "/home/user/studio/dataconnect": could not find dataconnect.yaml in `/home/user/studio/dataconnect`
 {"metadata":{"emulator":{"name":"dataconnect"},"message":"E1026 06:43:29.352994    3263 watch.go:31] Failed to load config from \"/home/user/studio/dataconnect\": could not find dataconnect.yaml in `/home/user/studio/dataconnect`\n"}}
[debug] [2025-10-26T06:43:39.346Z] E1026 06:43:39.346332    3263 watch.go:31] Failed to load config from "/home/user/studio/dataconnect": could not find dataconnect.yaml in `/home/user/studio/dataconnect`
 {"metadata":{"emulator":{"name":"dataconnect"},"message":"E1026 06:43:39.346332    3263 watch.go:31] Failed to load config from \"/home/user/studio/dataconnect\": could not find dataconnect.yaml in `/home/user/studio/dataconnect`\n"}}
[debug] [2025-10-26T06:43:49.346Z] E1026 06:43:49.346355    3263 watch.go:31] Failed to load config from "/home/user/studio/dataconnect": could not find dataconnect.yaml in `/home/user/studio/dataconnect`
 {"metadata":{"emulator":{"name":"dataconnect"},"message":"E1026 06:43:49.346355    3263 watch.go:31] Failed to load config from \"/home/user/studio/dataconnect\": could not find dataconnect.yaml in `/home/user/studio/dataconnect`\n"}}
[debug] [2025-10-26T06:43:59.346Z] E1026 06:43:59.346205    3263 watch.go:31] Failed to load config from "/home/user/studio/dataconnect": could not find dataconnect.yaml in `/home/user/studio/dataconnect`
 {"metadata":{"emulator":{"name":"dataconnect"},"message":"E1026 06:43:59.346205    3263 watch.go:31] Failed to load config from \"/home/user/studio/dataconnect\": could not find dataconnect.yaml in `/home/user/studio/dataconnect`\n"}}
[debug] [2025-10-26T06:44:09.347Z] E1026 06:44:09.346315    3263 watch.go:31] Failed to load config from "/home/user/studio/dataconnect": could not find dataconnect.yaml in `/home/user/studio/dataconnect`
 {"metadata":{"emulator":{"name":"dataconnect"},"message":"E1026 06:44:09.346315    3263 watch.go:31] Failed to load config from \"/home/user/studio/dataconnect\": could not find dataconnect.yaml in `/home/user/studio/dataconnect`\n"}}
[debug] [2025-10-26T06:44:19.346Z] E1026 06:44:19.346150    3263 watch.go:31] Failed to load config from "/home/user/studio/dataconnect": could not find dataconnect.yaml in `/home/user/studio/dataconnect`
 {"metadata":{"emulator":{"name":"dataconnect"},"message":"E1026 06:44:19.346150    3263 watch.go:31] Failed to load config from \"/home/user/studio/dataconnect\": could not find dataconnect.yaml in `/home/user/studio/dataconnect`\n"}}
[debug] [2025-10-26T06:44:29.354Z] E1026 06:44:29.354649    3263 watch.go:31] Failed to load config from "/home/user/studio/dataconnect": could not find dataconnect.yaml in `/home/user/studio/dataconnect`
 {"metadata":{"emulator":{"name":"dataconnect"},"message":"E1026 06:44:29.354649    3263 watch.go:31] Failed to load config from \"/home/user/studio/dataconnect\": could not find dataconnect.yaml in `/home/user/studio/dataconnect`\n"}}
[debug] [2025-10-26T06:44:39.359Z] E1026 06:44:39.357621    3263 watch.go:31] Failed to load config from "/home/user/studio/dataconnect": could not find dataconnect.yaml in `/home/user/studio/dataconnect`
 {"metadata":{"emulator":{"name":"dataconnect"},"message":"E1026 06:44:39.357621    3263 watch.go:31] Failed to load config from \"/home/user/studio/dataconnect\": could not find dataconnect.yaml in `/home/user/studio/dataconnect`\n"}}
[debug] [2025-10-26T06:44:49.356Z] E1026 06:44:49.346973    3263 watch.go:31] Failed to load config from "/home/user/studio/dataconnect": could not find dataconnect.yaml in `/home/user/studio/dataconnect`
 {"metadata":{"emulator":{"name":"dataconnect"},"message":"E1026 06:44:49.346973    3263 watch.go:31] Failed to load config from \"/home/user/studio/dataconnect\": could not find dataconnect.yaml in `/home/user/studio/dataconnect`\n"}}
[debug] [2025-10-26T06:44:59.363Z] E1026 06:44:59.354639    3263 watch.go:31] Failed to load config from "/home/user/studio/dataconnect": could not find dataconnect.yaml in `/home/user/studio/dataconnect`
 {"metadata":{"emulator":{"name":"dataconnect"},"message":"E1026 06:44:59.354639    3263 watch.go:31] Failed to load config from \"/home/user/studio/dataconnect\": could not find dataconnect.yaml in `/home/user/studio/dataconnect`\n"}}
[debug] [2025-10-26T06:45:09.452Z] E1026 06:45:09.355606    3263 watch.go:31] Failed to load config from "/home/user/studio/dataconnect": could not find dataconnect.yaml in `/home/user/studio/dataconnect`
 {"metadata":{"emulator":{"name":"dataconnect"},"message":"E1026 06:45:09.355606    3263 watch.go:31] Failed to load config from \"/home/user/studio/dataconnect\": could not find dataconnect.yaml in `/home/user/studio/dataconnect`\n"}}
[debug] [2025-10-26T06:45:19.346Z] E1026 06:45:19.346369    3263 watch.go:31] Failed to load config from "/home/user/studio/dataconnect": could not find dataconnect.yaml in `/home/user/studio/dataconnect`
 {"metadata":{"emulator":{"name":"dataconnect"},"message":"E1026 06:45:19.346369    3263 watch.go:31] Failed to load config from \"/home/user/studio/dataconnect\": could not find dataconnect.yaml in `/home/user/studio/dataconnect`\n"}}
[debug] [2025-10-26T06:45:19.348Z] E1026 06:45:19.346432    3263 watch.go:102] watchAllDir unable to walk dir `/home/user/studio/dataconnect`: lstat /home/user/studio/dataconnect: no such file or directory
 {"metadata":{"emulator":{"name":"dataconnect"},"message":"E1026 06:45:19.346432    3263 watch.go:102] watchAllDir unable to walk dir `/home/user/studio/dataconnect`: lstat /home/user/studio/dataconnect: no such file or directory\n"}}
[debug] [2025-10-26T06:45:29.356Z] E1026 06:45:29.355820    3263 watch.go:31] Failed to load config from "/home/user/studio/dataconnect": could not find dataconnect.yaml in `/home/user/studio/dataconnect`
 {"metadata":{"emulator":{"name":"dataconnect"},"message":"E1026 06:45:29.355820    3263 watch.go:31] Failed to load config from \"/home/user/studio/dataconnect\": could not find dataconnect.yaml in `/home/user/studio/dataconnect`\n"}}
[debug] [2025-10-26T06:45:39.356Z] E1026 06:45:39.356130    3263 watch.go:31] Failed to load config from "/home/user/studio/dataconnect": could not find dataconnect.yaml in `/home/user/studio/dataconnect`
 {"metadata":{"emulator":{"name":"dataconnect"},"message":"E1026 06:45:39.356130    3263 watch.go:31] Failed to load config from \"/home/user/studio/dataconnect\": could not find dataconnect.yaml in `/home/user/studio/dataconnect`\n"}}
[debug] [2025-10-26T06:45:49.346Z] E1026 06:45:49.346534    3263 watch.go:31] Failed to load config from "/home/user/studio/dataconnect": could not find dataconnect.yaml in `/home/user/studio/dataconnect`
 {"metadata":{"emulator":{"name":"dataconnect"},"message":"E1026 06:45:49.346534    3263 watch.go:31] Failed to load config from \"/home/user/studio/dataconnect\": could not find dataconnect.yaml in `/home/user/studio/dataconnect`\n"}}
[debug] [2025-10-26T06:45:59.420Z] I1026 06:45:59.391525    3263 load.go:31] Reloading schema and connectors...
 {"metadata":{"emulator":{"name":"dataconnect"},"message":"I1026 06:45:59.391525    3263 load.go:31] Reloading schema and connectors...\n"}}
[debug] [2025-10-26T06:45:59.919Z] I1026 06:45:59.919507    3263 control.go:94] [/emulator/studio 470c] UpdateResources(): done
Main schema: sources: schema/schema.gql [1992B] 
Connector "example": sources: example/mutations.gql [1243B] example/queries.gql [1801B] 
 {"metadata":{"emulator":{"name":"dataconnect"},"message":"I1026 06:45:59.919507    3263 control.go:94] [/emulator/studio 470c] UpdateResources(): done\nMain schema: sources: schema/schema.gql [1992B] \nConnector \"example\": sources: example/mutations.gql [1243B] example/queries.gql [1801B] \n"}}
[debug] [2025-10-26T06:46:00.519Z] I1026 06:46:00.518713    3263 codegen.go:82] [connector "example" javascriptSdk] Generating sources into "/home/user/studio/src/dataconnect-generated"
 {"metadata":{"emulator":{"name":"dataconnect"},"message":"I1026 06:46:00.518713    3263 codegen.go:82] [connector \"example\" javascriptSdk] Generating sources into \"/home/user/studio/src/dataconnect-generated\"\n"}}
[debug] [2025-10-26T06:46:00.592Z] I1026 06:46:00.592355    3263 collector.go:107] schema extensions wrote into "/home/user/studio/dataconnect/.dataconnect/schema"
Generated sources: prelude.gql [73219B] main/mutation.gql [13679B] main/implicit.gql [1261B] main/input.gql [28173B] main/relation.gql [13746B] main/query.gql [5099B] 
 {"metadata":{"emulator":{"name":"dataconnect"},"message":"I1026 06:46:00.592355    3263 collector.go:107] schema extensions wrote into \"/home/user/studio/dataconnect/.dataconnect/schema\"\nGenerated sources: prelude.gql [73219B] main/mutation.gql [13679B] main/implicit.gql [1261B] main/input.gql [28173B] main/relation.gql [13746B] main/query.gql [5099B] \n"}}
[debug] [2025-10-26T06:46:00.613Z] I1026 06:46:00.612312    3263 collector.go:107] connector "example" javascriptSdk wrote into "/home/user/studio/src/dataconnect-generated"
Generated sources: react/README.md [48299B] .guides/usage.md [3489B] .guides/setup.md [1682B] index.d.ts [8025B] esm/package.json [17B] package.json [863B] README.md [40931B] react/index.d.ts [3961B] react/package.json [460B] react/index.cjs.js [3439B] react/esm/index.esm.js [3269B] esm/index.esm.js [3556B] index.cjs.js [4046B] react/esm/package.json [17B] 
 {"metadata":{"emulator":{"name":"dataconnect"},"message":"I1026 06:46:00.612312    3263 collector.go:107] connector \"example\" javascriptSdk wrote into \"/home/user/studio/src/dataconnect-generated\"\nGenerated sources: react/README.md [48299B] .guides/usage.md [3489B] .guides/setup.md [1682B] index.d.ts [8025B] esm/package.json [17B] package.json [863B] README.md [40931B] react/index.d.ts [3961B] react/package.json [460B] react/index.cjs.js [3439B] react/esm/index.esm.js [3269B] esm/index.esm.js [3556B] index.cjs.js [4046B] react/esm/package.json [17B] \n"}}
[debug] [2025-10-26T06:46:00.645Z] I1026 06:46:00.645299    3263 installsdk.go:86] Running command: /usr/bin/npm install file:src/dataconnect-generated
 {"metadata":{"emulator":{"name":"dataconnect"},"message":"I1026 06:46:00.645299    3263 installsdk.go:86] Running command: /usr/bin/npm install file:src/dataconnect-generated\n"}}
[debug] [2025-10-26T06:46:24.809Z] I1026 06:46:24.809616    3263 load.go:109] Finished reloading
 {"metadata":{"emulator":{"name":"dataconnect"},"message":"I1026 06:46:24.809616    3263 load.go:109] Finished reloading\n"}}
[info] [Firebase Plugin] Stopping Data Connect toolkit
[warn] ⚠  Data Connect Emulator has exited upon receiving signal: SIGINT 
